src/contexts/UserTimelineContext.tsx(80,21): error TS2322: Type '{ user: User; originLayout: LayoutRectangle; expandAnim: Value; onClose: () => void; topInset: number; }' is not assignable to type 'IntrinsicAttributes & UserTimelineViewProps'.
  Property 'topInset' does not exist on type 'IntrinsicAttributes & UserTimelineViewProps'.
src/features/partners/components/SelectableUserItem.tsx(3,30): error TS2307: Cannot find module '@/context/SelectionContext' or its corresponding type declarations.
src/features/partners/components/SelectableUserItem.tsx(21,36): error TS7006: Parameter 'newState' implicitly has an 'any' type.
